// Jest Snapshot v1, https://goo.gl/fbAQLP

exports[`EditSession component EditSession renders correctly 1`] = `
<div
  className="editSession"
>
  <h3
    id="edit-header"
  >
    Edit Session
  </h3>
  <form
    onSubmit={[Function]}
  >
    <div
      className="form-row"
    >
      <label
        htmlFor="gameTypeOne"
      >
        Live or Online
      </label>
      <select
        defaultValue="Live"
        id="gameTypeOne"
        onChange={[Function]}
      >
        <option
          value="Live"
        >
          Live game
        </option>
        <option
          value="Online"
        >
          Online game
        </option>
      </select>
    </div>
    <div
      className="form-row"
    >
      <label
        htmlFor="smallBlind"
      >
        Small Blind
      </label>
      <input
        className="form-smallBlind"
        defaultValue={null}
        id="smallBlind"
        min="1"
        onChange={[Function]}
        type="number"
      />
    </div>
    <div
      className="form-row"
    >
      <label
        htmlFor="bigBlind"
      >
        Big Blind
      </label>
      <input
        className="form-bigBlind"
        defaultValue={null}
        id="bigBlind"
        min="1"
        onChange={[Function]}
        type="number"
      />
    </div>
    <div
      className="form-row"
    >
      <label
        htmlFor="buyIn"
      >
        Buy-in
      </label>
      <input
        className="form-buyin"
        defaultValue={null}
        id="buyIn"
        onChange={[Function]}
        type="number"
      />
    </div>
    <div
      className="form-row"
    >
      <label
        htmlFor="cashedOut"
      >
        Cashed out
      </label>
      <input
        className="form-cashedOut"
        defaultValue={null}
        id="cashedOut"
        onChange={[Function]}
        type="number"
      />
    </div>
    <div
      className="form-row"
    >
      <label
        htmlFor="cashedOut"
      >
        Hours played
      </label>
      <input
        className="form-SessionLength"
        defaultValue={null}
        id="sessionLength"
        onChange={[Function]}
        type="number"
      />
    </div>
    <div
      className="form-row"
    >
      <label
        htmlFor="notes"
      >
        Notes
      </label>
      <textarea
        className="form-notes"
        defaultValue=""
        id="notes"
        onChange={[Function]}
        type="text"
      />
    </div>
    <div
      className="form-row"
    >
      <button
        type="submit"
      >
        Save
      </button>
    </div>
  </form>
</div>
`;
